<html>
<body>
<pre>
<h1>µVision Build Log</h1>
<h2>Project:</h2>
C:\Users\dzial\Documents\Mikroelektronika_AGH\III_rok\VI_semestr\Projektowanie Systemów Wbudowanych\RTOS\MTM_RTOS\FreeRTOS\Demo\ARM7_LPC2129_Keil_RVDS\RTOSDemo.uvproj
Project File Date:  05/25/2021

<h2>Output:</h2>
Build target 'RTOSDemo_THUMB'
compiling main.c...
..\..\Source\include\led.h(1): warning:  #1295-D: Deprecated declaration LedInit - give arg types
..\..\Source\include\led.h(2): warning:  #1295-D: Deprecated declaration LedStepLeft - give arg types
..\..\Source\include\led.h(3): warning:  #1295-D: Deprecated declaration LedStepRight - give arg types
..\..\Source\include\led.h(6): warning:  #1-D: last line of file ends without a newline
compiling tasks.c...
compiling list.c...
compiling queue.c...
compiling port.c...
compiling heap_2.c...
linking...
Program Size: Code=6528 RO-data=32 RW-data=96 ZI-data=7992  
FromELF: creating hex file...
".\bin\RTOSDemo.axf" - 0 Errors, 4 Warning(s).
Build target 'RTOSDemo_THUMB'
linking...
Program Size: Code=6528 RO-data=32 RW-data=96 ZI-data=7992  
FromELF: creating hex file...
".\bin\RTOSDemo.axf" - 0 Errors, 0 Warning(s).
Build target 'RTOSDemo_THUMB'
compiling main.c...
..\..\Source\include\led.h(1): warning:  #1295-D: Deprecated declaration LedInit - give arg types
..\..\Source\include\led.h(2): warning:  #1295-D: Deprecated declaration LedStepLeft - give arg types
..\..\Source\include\led.h(3): warning:  #1295-D: Deprecated declaration LedStepRight - give arg types
..\..\Source\include\led.h(6): warning:  #1-D: last line of file ends without a newline
linking...
Program Size: Code=6528 RO-data=32 RW-data=96 ZI-data=7992  
FromELF: creating hex file...
".\bin\RTOSDemo.axf" - 0 Errors, 4 Warning(s).
Build target 'RTOSDemo_THUMB'
linking...
Program Size: Code=6528 RO-data=32 RW-data=96 ZI-data=7992  
FromELF: creating hex file...
".\bin\RTOSDemo.axf" - 0 Errors, 0 Warning(s).
Build target 'RTOSDemo_THUMB'
compiling main.c...
..\..\Source\include\led.h(1): warning:  #1295-D: Deprecated declaration LedInit - give arg types
..\..\Source\include\led.h(2): warning:  #1295-D: Deprecated declaration LedStepLeft - give arg types
..\..\Source\include\led.h(3): warning:  #1295-D: Deprecated declaration LedStepRight - give arg types
..\..\Source\include\led.h(6): warning:  #1-D: last line of file ends without a newline
linking...
Program Size: Code=6516 RO-data=32 RW-data=96 ZI-data=7992  
FromELF: creating hex file...
".\bin\RTOSDemo.axf" - 0 Errors, 4 Warning(s).
Build target 'RTOSDemo_THUMB'
linking...
Program Size: Code=6516 RO-data=32 RW-data=96 ZI-data=7992  
FromELF: creating hex file...
".\bin\RTOSDemo.axf" - 0 Errors, 0 Warning(s).
Build target 'RTOSDemo_THUMB'
compiling main.c...
..\..\Source\include\led.h(1): warning:  #1295-D: Deprecated declaration LedInit - give arg types
..\..\Source\include\led.h(2): warning:  #1295-D: Deprecated declaration LedStepLeft - give arg types
..\..\Source\include\led.h(3): warning:  #1295-D: Deprecated declaration LedStepRight - give arg types
..\..\Source\include\led.h(6): warning:  #1-D: last line of file ends without a newline
linking...
Program Size: Code=6516 RO-data=32 RW-data=96 ZI-data=7992  
FromELF: creating hex file...
".\bin\RTOSDemo.axf" - 0 Errors, 4 Warning(s).
Build target 'RTOSDemo_THUMB'
linking...
Program Size: Code=6516 RO-data=32 RW-data=96 ZI-data=7992  
FromELF: creating hex file...
".\bin\RTOSDemo.axf" - 0 Errors, 0 Warning(s).
Build target 'RTOSDemo_THUMB'
compiling main.c...
..\..\Source\include\led.h(1): warning:  #1295-D: Deprecated declaration LedInit - give arg types
..\..\Source\include\led.h(2): warning:  #1295-D: Deprecated declaration LedStepLeft - give arg types
..\..\Source\include\led.h(3): warning:  #1295-D: Deprecated declaration LedStepRight - give arg types
..\..\Source\include\led.h(6): warning:  #1-D: last line of file ends without a newline
linking...
Program Size: Code=6904 RO-data=32 RW-data=96 ZI-data=7992  
FromELF: creating hex file...
".\bin\RTOSDemo.axf" - 0 Errors, 4 Warning(s).
Build target 'RTOSDemo_THUMB'
linking...
Program Size: Code=6904 RO-data=32 RW-data=96 ZI-data=7992  
FromELF: creating hex file...
".\bin\RTOSDemo.axf" - 0 Errors, 0 Warning(s).
Build target 'RTOSDemo_THUMB'
linking...
Program Size: Code=6904 RO-data=32 RW-data=96 ZI-data=7992  
FromELF: creating hex file...
".\bin\RTOSDemo.axf" - 0 Errors, 0 Warning(s).
Build target 'RTOSDemo_THUMB'
linking...
Program Size: Code=6904 RO-data=32 RW-data=96 ZI-data=7992  
FromELF: creating hex file...
".\bin\RTOSDemo.axf" - 0 Errors, 0 Warning(s).
Build target 'RTOSDemo_THUMB'
compiling main.c...
..\..\Source\include\led.h(1): warning:  #1295-D: Deprecated declaration LedInit - give arg types
..\..\Source\include\led.h(2): warning:  #1295-D: Deprecated declaration LedStepLeft - give arg types
..\..\Source\include\led.h(3): warning:  #1295-D: Deprecated declaration LedStepRight - give arg types
..\..\Source\include\led.h(6): warning:  #1-D: last line of file ends without a newline
linking...
Program Size: Code=6904 RO-data=32 RW-data=96 ZI-data=7992  
FromELF: creating hex file...
".\bin\RTOSDemo.axf" - 0 Errors, 4 Warning(s).
Build target 'RTOSDemo_THUMB'
linking...
Program Size: Code=6904 RO-data=32 RW-data=96 ZI-data=7992  
FromELF: creating hex file...
".\bin\RTOSDemo.axf" - 0 Errors, 0 Warning(s).
Build target 'RTOSDemo_THUMB'
compiling main.c...
..\..\Source\include\led.h(1): warning:  #1295-D: Deprecated declaration LedInit - give arg types
..\..\Source\include\led.h(2): warning:  #1295-D: Deprecated declaration LedStepLeft - give arg types
..\..\Source\include\led.h(3): warning:  #1295-D: Deprecated declaration LedStepRight - give arg types
..\..\Source\include\led.h(6): warning:  #1-D: last line of file ends without a newline
linking...
Program Size: Code=6904 RO-data=32 RW-data=96 ZI-data=7992  
FromELF: creating hex file...
".\bin\RTOSDemo.axf" - 0 Errors, 4 Warning(s).
Build target 'RTOSDemo_THUMB'
linking...
Program Size: Code=6904 RO-data=32 RW-data=96 ZI-data=7992  
FromELF: creating hex file...
".\bin\RTOSDemo.axf" - 0 Errors, 0 Warning(s).
Build target 'RTOSDemo_THUMB'
compiling main.c...
..\..\Source\include\led.h(1): warning:  #1295-D: Deprecated declaration LedInit - give arg types
..\..\Source\include\led.h(2): warning:  #1295-D: Deprecated declaration LedStepLeft - give arg types
..\..\Source\include\led.h(3): warning:  #1295-D: Deprecated declaration LedStepRight - give arg types
..\..\Source\include\led.h(6): warning:  #1-D: last line of file ends without a newline
main.c(24): error:  #852: expression must be a pointer to a complete object type
".\bin\RTOSDemo.axf" - 1 Errors, 4 Warning(s).
Target not created
Build target 'RTOSDemo_THUMB'
compiling main.c...
..\..\Source\include\led.h(1): warning:  #1295-D: Deprecated declaration LedInit - give arg types
..\..\Source\include\led.h(2): warning:  #1295-D: Deprecated declaration LedStepLeft - give arg types
..\..\Source\include\led.h(3): warning:  #1295-D: Deprecated declaration LedStepRight - give arg types
..\..\Source\include\led.h(6): warning:  #1-D: last line of file ends without a newline
main.c(24): error:  #852: expression must be a pointer to a complete object type
".\bin\RTOSDemo.axf" - 1 Errors, 4 Warning(s).
Target not created
Build target 'RTOSDemo_THUMB'
compiling main.c...
..\..\Source\include\led.h(1): warning:  #1295-D: Deprecated declaration LedInit - give arg types
..\..\Source\include\led.h(2): warning:  #1295-D: Deprecated declaration LedStepLeft - give arg types
..\..\Source\include\led.h(3): warning:  #1295-D: Deprecated declaration LedStepRight - give arg types
..\..\Source\include\led.h(6): warning:  #1-D: last line of file ends without a newline
main.c(24): error:  #852: expression must be a pointer to a complete object type
".\bin\RTOSDemo.axf" - 1 Errors, 4 Warning(s).
Target not created
Build target 'RTOSDemo_THUMB'
compiling main.c...
..\..\Source\include\led.h(1): warning:  #1295-D: Deprecated declaration LedInit - give arg types
..\..\Source\include\led.h(2): warning:  #1295-D: Deprecated declaration LedStepLeft - give arg types
..\..\Source\include\led.h(3): warning:  #1295-D: Deprecated declaration LedStepRight - give arg types
..\..\Source\include\led.h(6): warning:  #1-D: last line of file ends without a newline
main.c(24): error:  #852: expression must be a pointer to a complete object type
".\bin\RTOSDemo.axf" - 1 Errors, 4 Warning(s).
Target not created
Build target 'RTOSDemo_THUMB'
compiling main.c...
..\..\Source\include\led.h(1): warning:  #1295-D: Deprecated declaration LedInit - give arg types
..\..\Source\include\led.h(2): warning:  #1295-D: Deprecated declaration LedStepLeft - give arg types
..\..\Source\include\led.h(3): warning:  #1295-D: Deprecated declaration LedStepRight - give arg types
..\..\Source\include\led.h(6): warning:  #1-D: last line of file ends without a newline
main.c(24): error:  #852: expression must be a pointer to a complete object type
".\bin\RTOSDemo.axf" - 1 Errors, 4 Warning(s).
Target not created
Build target 'RTOSDemo_THUMB'
compiling main.c...
..\..\Source\include\led.h(1): warning:  #1295-D: Deprecated declaration LedInit - give arg types
..\..\Source\include\led.h(2): warning:  #1295-D: Deprecated declaration LedStepLeft - give arg types
..\..\Source\include\led.h(3): warning:  #1295-D: Deprecated declaration LedStepRight - give arg types
..\..\Source\include\led.h(6): warning:  #1-D: last line of file ends without a newline
main.c(24): error:  #852: expression must be a pointer to a complete object type
".\bin\RTOSDemo.axf" - 1 Errors, 4 Warning(s).
Target not created
Build target 'RTOSDemo_THUMB'
compiling main.c...
..\..\Source\include\led.h(1): warning:  #1295-D: Deprecated declaration LedInit - give arg types
..\..\Source\include\led.h(2): warning:  #1295-D: Deprecated declaration LedStepLeft - give arg types
..\..\Source\include\led.h(3): warning:  #1295-D: Deprecated declaration LedStepRight - give arg types
..\..\Source\include\led.h(6): warning:  #1-D: last line of file ends without a newline
main.c(24): error:  #852: expression must be a pointer to a complete object type
".\bin\RTOSDemo.axf" - 1 Errors, 4 Warning(s).
Target not created
Build target 'RTOSDemo_THUMB'
compiling main.c...
..\..\Source\include\led.h(1): warning:  #1295-D: Deprecated declaration LedInit - give arg types
..\..\Source\include\led.h(2): warning:  #1295-D: Deprecated declaration LedStepLeft - give arg types
..\..\Source\include\led.h(3): warning:  #1295-D: Deprecated declaration LedStepRight - give arg types
..\..\Source\include\led.h(6): warning:  #1-D: last line of file ends without a newline
main.c(24): warning:  #1441-D: nonstandard cast on lvalue
linking...
Program Size: Code=6924 RO-data=32 RW-data=96 ZI-data=7992  
FromELF: creating hex file...
".\bin\RTOSDemo.axf" - 0 Errors, 5 Warning(s).
Build target 'RTOSDemo_THUMB'
linking...
Program Size: Code=6924 RO-data=32 RW-data=96 ZI-data=7992  
FromELF: creating hex file...
".\bin\RTOSDemo.axf" - 0 Errors, 0 Warning(s).
Build target 'RTOSDemo_THUMB'
linking...
Program Size: Code=6924 RO-data=32 RW-data=96 ZI-data=7992  
FromELF: creating hex file...
".\bin\RTOSDemo.axf" - 0 Errors, 0 Warning(s).
compiling main.c...
..\..\Source\include\led.h(1): warning:  #1295-D: Deprecated declaration LedInit - give arg types
..\..\Source\include\led.h(2): warning:  #1295-D: Deprecated declaration LedStepLeft - give arg types
..\..\Source\include\led.h(3): warning:  #1295-D: Deprecated declaration LedStepRight - give arg types
..\..\Source\include\led.h(6): warning:  #1-D: last line of file ends without a newline
main.c(24): warning:  #1441-D: nonstandard cast on lvalue
"main.c" - 0 Errors, 5 Warning(s).
compiling main.c...
..\..\Source\include\led.h(1): warning:  #1295-D: Deprecated declaration LedInit - give arg types
..\..\Source\include\led.h(2): warning:  #1295-D: Deprecated declaration LedStepLeft - give arg types
..\..\Source\include\led.h(3): warning:  #1295-D: Deprecated declaration LedStepRight - give arg types
..\..\Source\include\led.h(6): warning:  #1-D: last line of file ends without a newline
main.c(24): warning:  #1441-D: nonstandard cast on lvalue
"main.c" - 0 Errors, 5 Warning(s).
Build target 'RTOSDemo_THUMB'
linking...
Program Size: Code=6924 RO-data=32 RW-data=96 ZI-data=7992  
FromELF: creating hex file...
".\bin\RTOSDemo.axf" - 0 Errors, 0 Warning(s).
Build target 'RTOSDemo_THUMB'
linking...
Program Size: Code=6924 RO-data=32 RW-data=96 ZI-data=7992  
FromELF: creating hex file...
".\bin\RTOSDemo.axf" - 0 Errors, 0 Warning(s).
Build target 'RTOSDemo_THUMB'
compiling main.c...
..\..\Source\include\led.h(1): warning:  #1295-D: Deprecated declaration LedInit - give arg types
..\..\Source\include\led.h(2): warning:  #1295-D: Deprecated declaration LedStepLeft - give arg types
..\..\Source\include\led.h(3): warning:  #1295-D: Deprecated declaration LedStepRight - give arg types
..\..\Source\include\led.h(6): warning:  #1-D: last line of file ends without a newline
main.c(24): warning:  #174-D: expression has no effect
linking...
Program Size: Code=6920 RO-data=32 RW-data=96 ZI-data=7992  
FromELF: creating hex file...
".\bin\RTOSDemo.axf" - 0 Errors, 5 Warning(s).
Build target 'RTOSDemo_THUMB'
linking...
Program Size: Code=6920 RO-data=32 RW-data=96 ZI-data=7992  
FromELF: creating hex file...
".\bin\RTOSDemo.axf" - 0 Errors, 0 Warning(s).
Build target 'RTOSDemo_THUMB'
compiling main.c...
..\..\Source\include\led.h(1): warning:  #1295-D: Deprecated declaration LedInit - give arg types
..\..\Source\include\led.h(2): warning:  #1295-D: Deprecated declaration LedStepLeft - give arg types
..\..\Source\include\led.h(3): warning:  #1295-D: Deprecated declaration LedStepRight - give arg types
..\..\Source\include\led.h(6): warning:  #1-D: last line of file ends without a newline
linking...
Program Size: Code=6928 RO-data=32 RW-data=96 ZI-data=7992  
FromELF: creating hex file...
".\bin\RTOSDemo.axf" - 0 Errors, 4 Warning(s).
Build target 'RTOSDemo_THUMB'
linking...
Program Size: Code=6928 RO-data=32 RW-data=96 ZI-data=7992  
FromELF: creating hex file...
".\bin\RTOSDemo.axf" - 0 Errors, 0 Warning(s).
Build target 'RTOSDemo_THUMB'
compiling main.c...
..\..\Source\include\led.h(1): warning:  #1295-D: Deprecated declaration LedInit - give arg types
..\..\Source\include\led.h(2): warning:  #1295-D: Deprecated declaration LedStepLeft - give arg types
..\..\Source\include\led.h(3): warning:  #1295-D: Deprecated declaration LedStepRight - give arg types
..\..\Source\include\led.h(6): warning:  #1-D: last line of file ends without a newline
linking...
Program Size: Code=6940 RO-data=32 RW-data=96 ZI-data=7992  
FromELF: creating hex file...
".\bin\RTOSDemo.axf" - 0 Errors, 4 Warning(s).
Build target 'RTOSDemo_THUMB'
linking...
Program Size: Code=6940 RO-data=32 RW-data=96 ZI-data=7992  
FromELF: creating hex file...
".\bin\RTOSDemo.axf" - 0 Errors, 0 Warning(s).
Build target 'RTOSDemo_THUMB'
compiling main.c...
..\..\Source\include\led.h(1): warning:  #1295-D: Deprecated declaration LedInit - give arg types
..\..\Source\include\led.h(2): warning:  #1295-D: Deprecated declaration LedStepLeft - give arg types
..\..\Source\include\led.h(3): warning:  #1295-D: Deprecated declaration LedStepRight - give arg types
..\..\Source\include\led.h(6): warning:  #1-D: last line of file ends without a newline
linking...
Program Size: Code=6928 RO-data=32 RW-data=96 ZI-data=7992  
FromELF: creating hex file...
".\bin\RTOSDemo.axf" - 0 Errors, 4 Warning(s).
Build target 'RTOSDemo_THUMB'
linking...
Program Size: Code=6928 RO-data=32 RW-data=96 ZI-data=7992  
FromELF: creating hex file...
".\bin\RTOSDemo.axf" - 0 Errors, 0 Warning(s).
Build target 'RTOSDemo_THUMB'
compiling main.c...
..\..\Source\include\led.h(1): warning:  #1295-D: Deprecated declaration LedInit - give arg types
..\..\Source\include\led.h(2): warning:  #1295-D: Deprecated declaration LedStepLeft - give arg types
..\..\Source\include\led.h(3): warning:  #1295-D: Deprecated declaration LedStepRight - give arg types
..\..\Source\include\led.h(6): warning:  #1-D: last line of file ends without a newline
main.c(30): error:  #154: expression must have struct or union type
main.c(30): error:  #154: expression must have struct or union type
main.c(27): warning:  #177-D: variable "LedCounter" was declared but never referenced
".\bin\RTOSDemo.axf" - 2 Errors, 5 Warning(s).
Target not created
Build target 'RTOSDemo_THUMB'
compiling main.c...
..\..\Source\include\led.h(1): warning:  #1295-D: Deprecated declaration LedInit - give arg types
..\..\Source\include\led.h(2): warning:  #1295-D: Deprecated declaration LedStepLeft - give arg types
..\..\Source\include\led.h(3): warning:  #1295-D: Deprecated declaration LedStepRight - give arg types
..\..\Source\include\led.h(6): warning:  #1-D: last line of file ends without a newline
main.c(30): error:  #132: expression must have pointer-to-struct-or-union type
main.c(30): error:  #132: expression must have pointer-to-struct-or-union type
main.c(27): warning:  #177-D: variable "LedCounter" was declared but never referenced
".\bin\RTOSDemo.axf" - 2 Errors, 5 Warning(s).
Target not created
